2026-09-29 12:08:38 INFO  DefaultNoHARMFailoverProxyProvider:64 - Connecting to ResourceManager at resourcemanager/172.19.0.4:8032
2026-09-29 12:08:39 WARN  JobResourceUploader:149 - Hadoop command-line option parsing not performed. Implement the Tool interface and execute your application with ToolRunner to remedy this.
2026-09-29 12:08:39 INFO  JobResourceUploader:907 - Disabling Erasure Coding for path: /tmp/hadoop-yarn/staging/hadoop/.staging/job_1790683687318_0001
2026-09-29 12:08:40 INFO  FileInputFormat:302 - Total input files to process : 1
2026-09-29 12:08:40 INFO  JobSubmitter:203 - number of splits:1
2026-09-29 12:08:40 INFO  JobSubmitter:299 - Submitting tokens for job: job_1790683687318_0001
2026-09-29 12:08:40 INFO  JobSubmitter:300 - Executing with tokens: []
2026-09-29 12:08:40 INFO  Configuration:2898 - resource-types.xml not found
2026-09-29 12:08:40 INFO  ResourceUtils:476 - Unable to find 'resource-types.xml'.
2026-09-29 12:08:41 INFO  YarnClientImpl:356 - Submitted application application_1790683687318_0001
2026-09-29 12:08:41 INFO  Job:1681 - The url to track the job: http://resourcemanager:8088/proxy/application_1790683687318_0001/
2026-09-29 12:08:41 INFO  Job:1726 - Running job: job_1790683687318_0001
2026-09-29 12:08:52 INFO  Job:1747 - Job job_1790683687318_0001 running in uber mode : false
2026-09-29 12:08:52 INFO  Job:1754 -  map 0% reduce 0%
2026-09-29 12:09:10 INFO  Job:1754 -  map 20% reduce 0%
2026-09-29 12:09:16 INFO  Job:1754 -  map 29% reduce 0%
2026-09-29 12:09:23 INFO  Job:1754 -  map 41% reduce 0%
2026-09-29 12:09:29 INFO  Job:1754 -  map 53% reduce 0%
2026-09-29 12:09:35 INFO  Job:1754 -  map 64% reduce 0%
2026-09-29 12:09:40 INFO  Job:1754 -  map 100% reduce 0%
2026-09-29 12:09:47 INFO  Job:1754 -  map 100% reduce 100%
2026-09-29 12:09:47 INFO  Job:1765 - Job job_1790683687318_0001 completed successfully
2026-09-29 12:09:47 INFO  Job:1772 - Counters: 54
	File System Counters
		FILE: Number of bytes read=24579
		FILE: Number of bytes written=645287
		FILE: Number of read operations=0
		FILE: Number of large read operations=0
		FILE: Number of write operations=0
		HDFS: Number of bytes read=104857738
		HDFS: Number of bytes written=2771
		HDFS: Number of read operations=8
		HDFS: Number of large read operations=0
		HDFS: Number of write operations=2
		HDFS: Number of bytes read erasure-coded=0
	Job Counters 
		Launched map tasks=1
		Launched reduce tasks=1
		Rack-local map tasks=1
		Total time spent by all maps in occupied slots (ms)=43964
		Total time spent by all reduces in occupied slots (ms)=3641
		Total time spent by all map tasks (ms)=43964
		Total time spent by all reduce tasks (ms)=3641
		Total vcore-milliseconds taken by all map tasks=43964
		Total vcore-milliseconds taken by all reduce tasks=3641
		Total megabyte-milliseconds taken by all map tasks=45019136
		Total megabyte-milliseconds taken by all reduce tasks=3728384
	Map-Reduce Framework
		Map input records=2165256
		Map output records=25983072
		Map output bytes=208789926
		Map output materialized bytes=2731
		Input split bytes=100
		Combine input records=25985064
		Combine output records=2241
		Reduce input groups=249
		Reduce shuffle bytes=2731
		Reduce input records=249
		Reduce output records=249
		Spilled Records=2490
		Shuffled Maps =1
		Failed Shuffles=0
		Merged Map outputs=1
		GC time elapsed (ms)=408
		CPU time spent (ms)=53450
		Physical memory (bytes) snapshot=836816896
		Virtual memory (bytes) snapshot=5389357056
		Total committed heap usage (bytes)=856686592
		Peak Map Physical memory (bytes)=621051904
		Peak Map Virtual memory (bytes)=2695749632
		Peak Reduce Physical memory (bytes)=215764992
		Peak Reduce Virtual memory (bytes)=2693607424
	Shuffle Errors
		BAD_ID=0
		CONNECTION=0
		IO_ERROR=0
		WRONG_LENGTH=0
		WRONG_MAP=0
		WRONG_REDUCE=0
	File Input Format Counters 
		Bytes Read=104857638
	File Output Format Counters 
		Bytes Written=2771

real	1m11.437s
user	0m10.111s
sys	0m0.631s
